// Bun Snapshot v1, https://bun.sh/docs/test/snapshots

exports[`2332_the-latest-time-to-catch-a-bus test template: 2332_the-latest-time-to-catch-a-bus 1`] = `
"import { describe, expect, test } from 'bun:test';
import { latestTimeCatchTheBus } from '../../src/2301-2400/2332_the-latest-time-to-catch-a-bus.js';

const testcases = [
    { buses: [10,20], passengers: [2,17,18,19], capacity: 2, expected: 16 },
    { buses: [20,30,10], passengers: [19,13,26,4,25,11,21], capacity: 2, expected: 20 },
];

describe('latestTimeCatchTheBus', () => {
    test.each(structuredClone(testcases))('latestTimeCatchTheBus($buses, $passengers, $capacity) -> $expected', ({ buses, passengers, capacity, expected }) => {
        expect(latestTimeCatchTheBus(buses, passengers, capacity)).toStrictEqual(expected);
    });
});"
`;
