// Bun Snapshot v1, https://bun.sh/docs/test/snapshots

exports[`0487_max-consecutive-ones-ii solution template: 0487_max-consecutive-ones-ii 1`] = `
"/**
 * 0487. Max Consecutive Ones II
 *
 * Link: https://leetcode.com/problems/max-consecutive-ones-ii/
 * Category: Algorithms
 * Difficulty: Medium
 * Date: 2026-04-27
 * Author: <SOLUTION_AUTHOR_NAME> (<SOLUTION_AUTHOR_URL>)
 *
 * Topics:
 * - Array (topic_5)
 * - Dynamic Programming (topic_13)
 * - Sliding Window (topic_55821)
 * - Senior Staff (position_senior-staff)
 *
 * Stats:
 * - Total Accepted: 184,549
 * - Total Submissions: 354,619
 * - Acceptance Rate: 52.0%
 *
 * Similar Problems:
 * - max-consecutive-ones (Easy)
 * - all-divisions-with-the-highest-score-of-a-binary-array (Medium)
 * - max-consecutive-ones-iii (Medium)
 */

/**
 * Approach:
 * Time Complexity: O()
 * Space Complexity: O()
 * 
 * @param {number[]} nums
 * @return {number}
 */
const findMaxConsecutiveOnes = (nums) => {};

export { findMaxConsecutiveOnes };"
`;
