// Bun Snapshot v1, https://bun.sh/docs/test/snapshots

exports[`1631_path-with-minimum-effort test template: 1631_path-with-minimum-effort 1`] = `
"import { describe, expect, test } from 'bun:test';
import { minimumEffortPath } from '../../src/1601-1700/1631_path-with-minimum-effort.js';

const testcases = [
    { heights: [[1,2,2],[3,8,2],[5,3,5]], expected: 2 },
    { heights: [[1,2,3],[3,8,4],[5,3,5]], expected: 1 },
    { heights: [[1,2,1,1,1],[1,2,1,2,1],[1,2,1,2,1],[1,2,1,2,1],[1,1,1,2,1]], expected: 0 },
];

describe('minimumEffortPath', () => {
    test.each(structuredClone(testcases))('minimumEffortPath($heights) -> $expected', ({ heights, expected }) => {
        expect(minimumEffortPath(heights)).toStrictEqual(expected);
    });
});"
`;
