// Bun Snapshot v1, https://bun.sh/docs/test/snapshots

exports[`3208_alternating-groups-ii solution template: 3208_alternating-groups-ii 1`] = `
"/**
 * 3208. Alternating Groups II
 *
 * Link: https://leetcode.com/problems/alternating-groups-ii/
 * Category: Algorithms
 * Difficulty: Medium
 * Date: 2026-04-27
 * Author: <SOLUTION_AUTHOR_NAME> (<SOLUTION_AUTHOR_URL>)
 *
 * Topics:
 * - Array (topic_5)
 * - Sliding Window (topic_55821)
 * - Staff (position_staff)
 * - Biweekly Contest 134 (contest_biweekly-contest-134)
 *
 * Stats:
 * - Total Accepted: 160,483
 * - Total Submissions: 267,498
 * - Acceptance Rate: 60.0%
 *
 * Hints:
 * 1. Try to find a tile that has the same color as its next tile (if it exists).
 *
 * 2. Then try to find maximal alternating groups by starting a single for loop
 * from that tile.
 */

/**
 * Approach:
 * Time Complexity: O()
 * Space Complexity: O()
 * 
 * @param {number[]} colors
 * @param {number} k
 * @return {number}
 */
const numberOfAlternatingGroups = (colors, k) => {};

export { numberOfAlternatingGroups };"
`;
