// Bun Snapshot v1, https://bun.sh/docs/test/snapshots

exports[`0929_unique-email-addresses solution template: 0929_unique-email-addresses 1`] = `
"/**
 * 0929. Unique Email Addresses
 *
 * Link: https://leetcode.com/problems/unique-email-addresses/
 * Category: Algorithms
 * Difficulty: Easy
 * Date: 2026-04-27
 * Author: <SOLUTION_AUTHOR_NAME> (<SOLUTION_AUTHOR_URL>)
 *
 * Topics:
 * - Array (topic_5)
 * - Hash Table (topic_6)
 * - String (topic_10)
 * - Senior (position_senior)
 * - Weekly Contest 108 (contest_weekly-contest-108)
 *
 * Stats:
 * - Total Accepted: 581,440
 * - Total Submissions: 856,479
 * - Acceptance Rate: 67.9%
 */

/**
 * Approach:
 * Time Complexity: O()
 * Space Complexity: O()
 * 
 * @param {string[]} emails
 * @return {number}
 */
const numUniqueEmails = (emails) => {};

export { numUniqueEmails };"
`;
