// Bun Snapshot v1, https://bun.sh/docs/test/snapshots

exports[`0274_h-index test template: 0274_h-index 1`] = `
"import { describe, expect, test } from 'bun:test';
import { hIndex } from '../../src/0201-0300/0274_h-index.js';

const testcases = [
    { citations: [3,0,6,1,5], expected: 3 },
    { citations: [1,3,1], expected: 1 },
];

describe('hIndex', () => {
    test.each(structuredClone(testcases))('hIndex($citations) -> $expected', ({ citations, expected }) => {
        expect(hIndex(citations)).toStrictEqual(expected);
    });
});"
`;
