// Bun Snapshot v1, https://bun.sh/docs/test/snapshots

exports[`1052_grumpy-bookstore-owner test template: 1052_grumpy-bookstore-owner 1`] = `
"import { describe, expect, test } from 'bun:test';
import { maxSatisfied } from '../../src/1001-1100/1052_grumpy-bookstore-owner.js';

const testcases = [
    { customers: [1,0,1,2,1,1,7,5], grumpy: [0,1,0,1,0,1,0,1], minutes: 3, expected: 16 },
    { customers: [1], grumpy: [0], minutes: 1, expected: 1 },
];

describe('maxSatisfied', () => {
    test.each(structuredClone(testcases))('maxSatisfied($customers, $grumpy, $minutes) -> $expected', ({ customers, grumpy, minutes, expected }) => {
        expect(maxSatisfied(customers, grumpy, minutes)).toStrictEqual(expected);
    });
});"
`;
