// Bun Snapshot v1, https://bun.sh/docs/test/snapshots

exports[`2958_length-of-longest-subarray-with-at-most-k-frequency test template: 2958_length-of-longest-subarray-with-at-most-k-frequency 1`] = `
"import { describe, expect, test } from 'bun:test';
import { maxSubarrayLength } from '../../src/2901-3000/2958_length-of-longest-subarray-with-at-most-k-frequency.js';

const testcases = [
    { nums: [1,2,3,1,2,3,1,2], k: 2, expected: 6 },
    { nums: [1,2,1,2,1,2,1,2], k: 1, expected: 2 },
    { nums: [5,5,5,5,5,5,5], k: 4, expected: 4 },
];

describe('maxSubarrayLength', () => {
    test.each(structuredClone(testcases))('maxSubarrayLength($nums, $k) -> $expected', ({ nums, k, expected }) => {
        expect(maxSubarrayLength(nums, k)).toStrictEqual(expected);
    });
});"
`;
