// Bun Snapshot v1, https://bun.sh/docs/test/snapshots

exports[`3913_sort-vowels-by-frequency test template: 3913_sort-vowels-by-frequency 1`] = `
"import { describe, expect, test } from 'bun:test';
import { sortVowels } from '../../src/3901-4000/3913_sort-vowels-by-frequency.js';

const testcases = [
    { s: "leetcode", expected: "leetcedo" },
    { s: "aeiaaioooa", expected: "aaaaoooiie" },
    { s: "baeiou", expected: "baeiou" },
];

describe('sortVowels', () => {
    test.each(structuredClone(testcases))('sortVowels($s) -> $expected', ({ s, expected }) => {
        expect(sortVowels(s)).toStrictEqual(expected);
    });
});"
`;
