// Bun Snapshot v1, https://bun.sh/docs/test/snapshots

exports[`0292_nim-game test template: 0292_nim-game 1`] = `
"import { describe, expect, test } from 'bun:test';
import { canWinNim } from '../../src/0201-0300/0292_nim-game.js';

const testcases = [
    { n: 4, expected: false },
    { n: 1, expected: true },
    { n: 2, expected: true },
];

describe('canWinNim', () => {
    test.each(structuredClone(testcases))('canWinNim($n) -> $expected', ({ n, expected }) => {
        expect(canWinNim(n)).toStrictEqual(expected);
    });
});"
`;
