// Bun Snapshot v1, https://bun.sh/docs/test/snapshots

exports[`2807_insert-greatest-common-divisors-in-linked-list solution template: 2807_insert-greatest-common-divisors-in-linked-list 1`] = `
"/**
 * 2807. Insert Greatest Common Divisors in Linked List
 *
 * Link: https://leetcode.com/problems/insert-greatest-common-divisors-in-linked-list/
 * Category: Algorithms
 * Difficulty: Medium
 * Date: 2026-04-27
 * Author: <SOLUTION_AUTHOR_NAME> (<SOLUTION_AUTHOR_URL>)
 *
 * Topics:
 * - Linked List (topic_7)
 * - Math (topic_8)
 * - Number Theory (topic_61067)
 * - Senior (position_senior)
 * - Biweekly Contest 110 (contest_biweekly-contest-110)
 *
 * Stats:
 * - Total Accepted: 299,131
 * - Total Submissions: 327,342
 * - Acceptance Rate: 91.4%
 *
 * Similar Problems:
 * - reverse-linked-list (Easy)
 */

/**
 * Approach:
 * Time Complexity: O()
 * Space Complexity: O()
 * 
 * @param {ListNode} head
 * @return {ListNode}
 */
const insertGreatestCommonDivisors = (head) => {};

export { insertGreatestCommonDivisors };"
`;
