// Bun Snapshot v1, https://bun.sh/docs/test/snapshots

exports[`1980_find-unique-binary-string test template: 1980_find-unique-binary-string 1`] = `
"import { describe, expect, test } from 'bun:test';
import { findDifferentBinaryString } from '../../src/1901-2000/1980_find-unique-binary-string.js';

const testcases = [
    { nums: ["01","10"], expected: ["00","11"] },
    { nums: ["00","01"], expected: ["10","11"] },
    { nums: ["111","011","001"], expected: ["000","010","100","101","110"] },
];

describe('findDifferentBinaryString', () => {
    test.each(structuredClone(testcases))('findDifferentBinaryString($nums) -> $expected', ({ nums, expected }) => {
        expect(findDifferentBinaryString(nums)).toBeOneOf(expected);
    });
});"
`;
