// Bun Snapshot v1, https://bun.sh/docs/test/snapshots

exports[`0172_factorial-trailing-zeroes test template: 0172_factorial-trailing-zeroes 1`] = `
"import { describe, expect, test } from 'bun:test';
import { trailingZeroes } from '../../src/0101-0200/0172_factorial-trailing-zeroes.js';

const testcases = [
    { n: 3, expected: 0 },
    { n: 5, expected: 1 },
    { n: 0, expected: 0 },
];

describe('trailingZeroes', () => {
    test.each(structuredClone(testcases))('trailingZeroes($n) -> $expected', ({ n, expected }) => {
        expect(trailingZeroes(n)).toStrictEqual(expected);
    });
});"
`;
