// Bun Snapshot v1, https://bun.sh/docs/test/snapshots

exports[`3923_minimum-generations-to-target-point test template: 3923_minimum-generations-to-target-point 1`] = `
"import { describe, expect, test } from 'bun:test';
import { minGenerations } from '../../src/3901-4000/3923_minimum-generations-to-target-point.js';

const testcases = [
    { points: [[0,0,0],[6,6,6]], target: [3,3,3], expected: 1 },
    { points: [[0,0,0],[5,5,5]], target: [1,1,1], expected: 2 },
    { points: [[0,0,0],[2,2,2],[3,3,3]], target: [2,2,2], expected: 0 },
    { points: [[1,2,3]], target: [5,5,5], expected: -1 },
];

describe('minGenerations', () => {
    test.each(structuredClone(testcases))('minGenerations($points, $target) -> $expected', ({ points, target, expected }) => {
        expect(minGenerations(points, target)).toStrictEqual(expected);
    });
});"
`;
