// Bun Snapshot v1, https://bun.sh/docs/test/snapshots

exports[`1578_minimum-time-to-make-rope-colorful solution template: 1578_minimum-time-to-make-rope-colorful 1`] = `
"/**
 * 1578. Minimum Time to Make Rope Colorful
 *
 * Link: https://leetcode.com/problems/minimum-time-to-make-rope-colorful/
 * Category: Algorithms
 * Difficulty: Medium
 * Date: 2026-04-27
 * Author: <SOLUTION_AUTHOR_NAME> (<SOLUTION_AUTHOR_URL>)
 *
 * Topics:
 * - Array (topic_5)
 * - String (topic_10)
 * - Dynamic Programming (topic_13)
 * - Greedy (topic_17)
 * - Staff (position_staff)
 * - Weekly Contest 205 (contest_weekly-contest-205)
 *
 * Stats:
 * - Total Accepted: 409,903
 * - Total Submissions: 628,526
 * - Acceptance Rate: 65.2%
 *
 * Hints:
 * 1. Maintain the running sum and max value for repeated letters.
 */

/**
 * Approach:
 * Time Complexity: O()
 * Space Complexity: O()
 * 
 * @param {string} colors
 * @param {number[]} neededTime
 * @return {number}
 */
const minCost = (colors, neededTime) => {};

export { minCost };"
`;
