// Bun Snapshot v1, https://bun.sh/docs/test/snapshots

exports[`0128_longest-consecutive-sequence solution template: 0128_longest-consecutive-sequence 1`] = `
"/**
 * 0128. Longest Consecutive Sequence
 *
 * Link: https://leetcode.com/problems/longest-consecutive-sequence/
 * Category: Algorithms
 * Difficulty: Medium
 * Date: 2026-04-27
 * Author: <SOLUTION_AUTHOR_NAME> (<SOLUTION_AUTHOR_URL>)
 *
 * Topics:
 * - Array (topic_5)
 * - Hash Table (topic_6)
 * - Union-Find (topic_23)
 *
 * Stats:
 * - Total Accepted: 3,326,075
 * - Total Submissions: 7,062,398
 * - Acceptance Rate: 47.1%
 *
 * Similar Problems:
 * - binary-tree-longest-consecutive-sequence (Medium) (Premium)
 * - find-the-maximum-number-of-elements-in-subset (Medium)
 * - find-three-consecutive-integers-that-sum-to-a-given-number (Medium)
 * - length-of-the-longest-alphabetical-continuous-substring (Medium)
 * - maximum-consecutive-floors-without-special-floors (Medium)
 */

/**
 * Approach:
 * Time Complexity: O()
 * Space Complexity: O()
 * 
 * @param {number[]} nums
 * @return {number}
 */
const longestConsecutive = (nums) => {};

export { longestConsecutive };"
`;
