// Bun Snapshot v1, https://bun.sh/docs/test/snapshots

exports[`2780_minimum-index-of-a-valid-split test template: 2780_minimum-index-of-a-valid-split 1`] = `
"import { describe, expect, test } from 'bun:test';
import { minimumIndex } from '../../src/2701-2800/2780_minimum-index-of-a-valid-split.js';

const testcases = [
    { nums: [1,2,2,2], expected: 2 },
    { nums: [2,1,3,1,1,1,7,1,2,1], expected: 4 },
    { nums: [3,3,3,3,7,2,2], expected: -1 },
];

describe('minimumIndex', () => {
    test.each(structuredClone(testcases))('minimumIndex($nums) -> $expected', ({ nums, expected }) => {
        expect(minimumIndex(nums)).toStrictEqual(expected);
    });
});"
`;
