// Bun Snapshot v1, https://bun.sh/docs/test/snapshots

exports[`0179_largest-number solution template: 0179_largest-number 1`] = `
"/**
 * 0179. Largest Number
 *
 * Link: https://leetcode.com/problems/largest-number/
 * Category: Algorithms
 * Difficulty: Medium
 * Date: 2026-04-27
 * Author: <SOLUTION_AUTHOR_NAME> (<SOLUTION_AUTHOR_URL>)
 *
 * Topics:
 * - Array (topic_5)
 * - String (topic_10)
 * - Greedy (topic_17)
 * - Sorting (topic_61049)
 *
 * Stats:
 * - Total Accepted: 831,255
 * - Total Submissions: 1,931,458
 * - Acceptance Rate: 43.0%
 *
 * Similar Problems:
 * - find-the-key-of-the-numbers (Easy)
 * - smallest-value-of-the-rearranged-number (Medium)
 */

/**
 * Approach:
 * Time Complexity: O()
 * Space Complexity: O()
 * 
 * @param {number[]} nums
 * @return {string}
 */
const largestNumber = (nums) => {};

export { largestNumber };"
`;
