// Bun Snapshot v1, https://bun.sh/docs/test/snapshots

exports[`3342_find-minimum-time-to-reach-last-room-ii test template: 3342_find-minimum-time-to-reach-last-room-ii 1`] = `
"import { describe, expect, test } from 'bun:test';
import { minTimeToReach } from '../../src/3301-3400/3342_find-minimum-time-to-reach-last-room-ii.js';

const testcases = [
    { moveTime: [[0,4],[4,4]], expected: 7 },
    { moveTime: [[0,0,0,0],[0,0,0,0]], expected: 6 },
    { moveTime: [[0,1],[1,2]], expected: 4 },
];

describe('minTimeToReach', () => {
    test.each(structuredClone(testcases))('minTimeToReach($moveTime) -> $expected', ({ moveTime, expected }) => {
        expect(minTimeToReach(moveTime)).toStrictEqual(expected);
    });
});"
`;
