// Bun Snapshot v1, https://bun.sh/docs/test/snapshots

exports[`0071_simplify-path solution template: 0071_simplify-path 1`] = `
"/**
 * 0071. Simplify Path
 *
 * Link: https://leetcode.com/problems/simplify-path/
 * Category: Algorithms
 * Difficulty: Medium
 * Date: 2026-04-27
 * Author: <SOLUTION_AUTHOR_NAME> (<SOLUTION_AUTHOR_URL>)
 *
 * Topics:
 * - String (topic_10)
 * - Stack (topic_15)
 *
 * Stats:
 * - Total Accepted: 1,333,034
 * - Total Submissions: 2,635,641
 * - Acceptance Rate: 50.6%
 */

/**
 * Approach:
 * Time Complexity: O()
 * Space Complexity: O()
 * 
 * @param {string} path
 * @return {string}
 */
const simplifyPath = (path) => {};

export { simplifyPath };"
`;
