// Bun Snapshot v1, https://bun.sh/docs/test/snapshots

exports[`0002_add-two-numbers test template: 0002_add-two-numbers 1`] = `
"import { describe, expect, test } from 'bun:test';
import { addTwoNumbers } from '../../src/0001-0100/0002_add-two-numbers.js';

const testcases = [
    { l1: [2,4,3], l2: [5,6,4], expected: [7,0,8] },
    { l1: [0], l2: [0], expected: [0] },
    { l1: [9,9,9,9,9,9,9], l2: [9,9,9,9], expected: [8,9,9,9,0,0,0,1] },
];

describe('addTwoNumbers', () => {
    test.each(structuredClone(testcases))('addTwoNumbers($l1, $l2) -> $expected', ({ l1, l2, expected }) => {
        expect(addTwoNumbers(l1, l2)).toStrictEqual(expected);
    });
});"
`;
