// Bun Snapshot v1, https://bun.sh/docs/test/snapshots

exports[`3914_minimum-operations-to-make-array-non-decreasing solution template: 3914_minimum-operations-to-make-array-non-decreasing 1`] = `
"/**
 * 3914. Minimum Operations to Make Array Non Decreasing
 *
 * Link: https://leetcode.com/problems/minimum-operations-to-make-array-non-decreasing/
 * Category: Algorithms
 * Difficulty: Medium
 * Date: 2026-04-27
 * Author: <SOLUTION_AUTHOR_NAME> (<SOLUTION_AUTHOR_URL>)
 *
 * Topics:
 * - Staff (position_staff)
 * - Weekly Contest 499 (contest_weekly-contest-499)
 *
 * Stats:
 * - Total Accepted: 21,397
 * - Total Submissions: 38,948
 * - Acceptance Rate: 54.9%
 *
 * Hints:
 * 1. Focus only on positions where the array decreases (\`nums[i] > nums[i + 1]\`).
 *
 * 2. Each such drop must be fixed by increasing a subarray starting at \`i + 1\`.
 *
 * 3. Observe that you only need to pay for the difference at each drop.
 */

/**
 * Approach:
 * Time Complexity: O()
 * Space Complexity: O()
 * 
 * @param {number[]} nums
 * @return {number}
 */
const minOperations = (nums) => {};

export { minOperations };"
`;
