// Bun Snapshot v1, https://bun.sh/docs/test/snapshots

exports[`2841_maximum-sum-of-almost-unique-subarray solution template: 2841_maximum-sum-of-almost-unique-subarray 1`] = `
"/**
 * 2841. Maximum Sum of Almost Unique Subarray
 *
 * Link: https://leetcode.com/problems/maximum-sum-of-almost-unique-subarray/
 * Category: Algorithms
 * Difficulty: Medium
 * Date: 2026-04-27
 * Author: <SOLUTION_AUTHOR_NAME> (<SOLUTION_AUTHOR_URL>)
 *
 * Topics:
 * - Array (topic_5)
 * - Hash Table (topic_6)
 * - Sliding Window (topic_55821)
 * - Staff (position_staff)
 * - Biweekly Contest 112 (contest_biweekly-contest-112)
 *
 * Stats:
 * - Total Accepted: 36,316
 * - Total Submissions: 88,162
 * - Acceptance Rate: 41.2%
 *
 * Hints:
 * 1. Use a set or map to keep track of the number of distinct elements.
 *
 * 2. Use 2-pointers to maintain the size, the number of unique elements, and
 * the sum of all the elements in all subarrays of size k from left to right dynamically.****
 */

/**
 * Approach:
 * Time Complexity: O()
 * Space Complexity: O()
 * 
 * @param {number[]} nums
 * @param {number} m
 * @param {number} k
 * @return {number}
 */
const maxSum = (nums, m, k) => {};

export { maxSum };"
`;
