// Bun Snapshot v1, https://bun.sh/docs/test/snapshots

exports[`2525_categorize-box-according-to-criteria test template: 2525_categorize-box-according-to-criteria 1`] = `
"import { describe, expect, test } from 'bun:test';
import { categorizeBox } from '../../src/2501-2600/2525_categorize-box-according-to-criteria.js';

const testcases = [
    { length: 1000, width: 35, height: 700, mass: 300, expected: "Heavy" },
    { length: 200, width: 50, height: 800, mass: 50, expected: "Neither" },
];

describe('categorizeBox', () => {
    test.each(structuredClone(testcases))('categorizeBox($length, $width, $height, $mass) -> $expected', ({ length, width, height, mass, expected }) => {
        expect(categorizeBox(length, width, height, mass)).toStrictEqual(expected);
    });
});"
`;
