// Bun Snapshot v1, https://bun.sh/docs/test/snapshots

exports[`2075_decode-the-slanted-ciphertext solution template: 2075_decode-the-slanted-ciphertext 1`] = `
"/**
 * 2075. Decode the Slanted Ciphertext
 *
 * Link: https://leetcode.com/problems/decode-the-slanted-ciphertext/
 * Category: Algorithms
 * Difficulty: Medium
 * Date: 2026-04-27
 * Author: <SOLUTION_AUTHOR_NAME> (<SOLUTION_AUTHOR_URL>)
 *
 * Topics:
 * - String (topic_10)
 * - Simulation (topic_61055)
 * - Staff (position_staff)
 * - Weekly Contest 267 (contest_weekly-contest-267)
 *
 * Stats:
 * - Total Accepted: 102,411
 * - Total Submissions: 151,536
 * - Acceptance Rate: 67.6%
 *
 * Similar Problems:
 * - diagonal-traverse (Medium)
 *
 * Hints:
 * 1. How can you use rows and encodedText to find the number of columns of the matrix?
 *
 * 2. Once you have the number of rows and columns, you can create the matrix
 * and place encodedText in it. How should you place it in the matrix?
 *
 * 3. How should you traverse the matrix to "decode" originalText?
 */

/**
 * Approach:
 * Time Complexity: O()
 * Space Complexity: O()
 * 
 * @param {string} encodedText
 * @param {number} rows
 * @return {string}
 */
const decodeCiphertext = (encodedText, rows) => {};

export { decodeCiphertext };"
`;
