// Bun Snapshot v1, https://bun.sh/docs/test/snapshots

exports[`0396_rotate-function test template: 0396_rotate-function 1`] = `
"import { describe, expect, test } from 'bun:test';
import { maxRotateFunction } from '../../src/0301-0400/0396_rotate-function.js';

const testcases = [
    { nums: [4,3,2,6], expected: 26 },
    { nums: [100], expected: 0 },
];

describe('maxRotateFunction', () => {
    test.each(structuredClone(testcases))('maxRotateFunction($nums) -> $expected', ({ nums, expected }) => {
        expect(maxRotateFunction(nums)).toStrictEqual(expected);
    });
});"
`;
