// Bun Snapshot v1, https://bun.sh/docs/test/snapshots

exports[`2483_minimum-penalty-for-a-shop test template: 2483_minimum-penalty-for-a-shop 1`] = `
"import { describe, expect, test } from 'bun:test';
import { bestClosingTime } from '../../src/2401-2500/2483_minimum-penalty-for-a-shop.js';

const testcases = [
    { customers: "YYNY", expected: 2 },
    { customers: "NNNNN", expected: 0 },
    { customers: "YYYY", expected: 4 },
];

describe('bestClosingTime', () => {
    test.each(structuredClone(testcases))('bestClosingTime($customers) -> $expected', ({ customers, expected }) => {
        expect(bestClosingTime(customers)).toStrictEqual(expected);
    });
});"
`;
