// Bun Snapshot v1, https://bun.sh/docs/test/snapshots

exports[`2211_count-collisions-on-a-road test template: 2211_count-collisions-on-a-road 1`] = `
"import { describe, expect, test } from 'bun:test';
import { countCollisions } from '../../src/2201-2300/2211_count-collisions-on-a-road.js';

const testcases = [
    { directions: "RLRSLL", expected: 5 },
    { directions: "LLRR", expected: 0 },
];

describe('countCollisions', () => {
    test.each(structuredClone(testcases))('countCollisions($directions) -> $expected', ({ directions, expected }) => {
        expect(countCollisions(directions)).toStrictEqual(expected);
    });
});"
`;
