// Bun Snapshot v1, https://bun.sh/docs/test/snapshots

exports[`2962_count-subarrays-where-max-element-appears-at-least-k-times solution template: 2962_count-subarrays-where-max-element-appears-at-least-k-times 1`] = `
"/**
 * 2962. Count Subarrays Where Max Element Appears at Least K Times
 *
 * Link: https://leetcode.com/problems/count-subarrays-where-max-element-appears-at-least-k-times/
 * Category: Algorithms
 * Difficulty: Medium
 * Date: 2026-04-27
 * Author: <SOLUTION_AUTHOR_NAME> (<SOLUTION_AUTHOR_URL>)
 *
 * Topics:
 * - Array (topic_5)
 * - Sliding Window (topic_55821)
 * - Staff (position_staff)
 * - Weekly Contest 375 (contest_weekly-contest-375)
 *
 * Stats:
 * - Total Accepted: 260,306
 * - Total Submissions: 417,145
 * - Acceptance Rate: 62.4%
 *
 * Similar Problems:
 * - find-the-number-of-subarrays-where-boundary-elements-are-maximum (Hard)
 */

/**
 * Approach:
 * Time Complexity: O()
 * Space Complexity: O()
 * 
 * @param {number[]} nums
 * @param {number} k
 * @return {number}
 */
const countSubarrays = (nums, k) => {};

export { countSubarrays };"
`;
