// Bun Snapshot v1, https://bun.sh/docs/test/snapshots

exports[`0125_valid-palindrome test template: 0125_valid-palindrome 1`] = `
"import { describe, expect, test } from 'bun:test';
import { isPalindrome } from '../../src/0101-0200/0125_valid-palindrome.js';

const testcases = [
    { s: "A man, a plan, a canal: Panama", expected: true },
    { s: "race a car", expected: false },
    { s: " ", expected: true },
];

describe('isPalindrome', () => {
    test.each(structuredClone(testcases))('isPalindrome($s) -> $expected', ({ s, expected }) => {
        expect(isPalindrome(s)).toStrictEqual(expected);
    });
});"
`;
