// Bun Snapshot v1, https://bun.sh/docs/test/snapshots

exports[`0948_bag-of-tokens solution template: 0948_bag-of-tokens 1`] = `
"/**
 * 0948. Bag of Tokens
 *
 * Link: https://leetcode.com/problems/bag-of-tokens/
 * Category: Algorithms
 * Difficulty: Medium
 * Date: 2026-04-27
 * Author: <SOLUTION_AUTHOR_NAME> (<SOLUTION_AUTHOR_URL>)
 *
 * Topics:
 * - Array (topic_5)
 * - Two Pointers (topic_9)
 * - Greedy (topic_17)
 * - Sorting (topic_61049)
 * - Senior Staff (position_senior-staff)
 * - Weekly Contest 112 (contest_weekly-contest-112)
 *
 * Stats:
 * - Total Accepted: 268,308
 * - Total Submissions: 450,064
 * - Acceptance Rate: 59.6%
 */

/**
 * Approach:
 * Time Complexity: O()
 * Space Complexity: O()
 * 
 * @param {number[]} tokens
 * @param {number} power
 * @return {number}
 */
const bagOfTokensScore = (tokens, power) => {};

export { bagOfTokensScore };"
`;
